../Drivers/BSP/esp8266.c:26:6:esp8266_uart_init	16	static
../Drivers/BSP/esp8266.c:44:6:USART2_IRQHandler	16	static
../Drivers/BSP/esp8266.c:61:9:esp8266_wait_receive	4	static
../Drivers/BSP/esp8266.c:81:6:esp8266_clear	8	static
../Drivers/BSP/esp8266.c:92:9:esp8266_send_command	24	static
../Drivers/BSP/esp8266.c:118:9:esp8266_restore	8	static
../Drivers/BSP/esp8266.c:129:9:esp8266_at_test	8	static
../Drivers/BSP/esp8266.c:143:9:esp8266_set_mode	16	static
../Drivers/BSP/esp8266.c:166:9:esp8266_sw_reset	8	static
../Drivers/BSP/esp8266.c:178:9:esp8266_ate_config	16	static
../Drivers/BSP/esp8266.c:199:9:esp8266_join_ap	80	static
../Drivers/BSP/esp8266.c:214:9:esp8266_get_ip	24	static
../Drivers/BSP/esp8266.c:237:9:esp8266_connect_tcp_server	80	static
../Drivers/BSP/esp8266.c:252:9:esp8266_disconnect_tcp_server	8	static
../Drivers/BSP/esp8266.c:264:9:esp8266_enter_unvarnished	16	static
../Drivers/BSP/esp8266.c:282:9:esp8266_exit_unvarnished	8	static
../Drivers/BSP/esp8266.c:294:9:esp8266_single_connection	8	static
../Drivers/BSP/esp8266.c:305:9:esp8266_init_STA	32	static
../Drivers/BSP/esp8266.c:378:6:esp8266_uart_printf	16	static
../Drivers/BSP/esp8266.c:392:9:esp8266_set_ap	80	static
../Drivers/BSP/esp8266.c:402:9:esp8266_multi_connection	8	static
../Drivers/BSP/esp8266.c:407:9:esp8266_server	8	static
../Drivers/BSP/esp8266.c:412:9:esp8266_init_AP	16	static
