../Drivers/BSP/rc522.c:25:6:RC522_Init	8	static
../Drivers/BSP/rc522.c:43:6:delay_ns	24	static,ignoring_inline_asm
../Drivers/BSP/rc522.c:61:6:RC522_ReadWriteByte	32	static
../Drivers/BSP/rc522.c:75:15:ReadRawRC	24	static
../Drivers/BSP/rc522.c:95:6:WriteRawRC	24	static
../Drivers/BSP/rc522.c:114:6:SetBitMask	24	static
../Drivers/BSP/rc522.c:126:6:ClearBitMask	24	static
../Drivers/BSP/rc522.c:137:6:PcdReset	8	static
../Drivers/BSP/rc522.c:158:6:MF522PcdConfigISOType	16	static
../Drivers/BSP/rc522.c:181:6:PcdAntennaOn	16	static
../Drivers/BSP/rc522.c:196:6:PcdAntennaOff	8	static
../Drivers/BSP/rc522.c:209:6:PcdComMF522	48	static
../Drivers/BSP/rc522.c:293:6:PcdRequest	56	static
../Drivers/BSP/rc522.c:321:6:PcdAnticoll	56	static
../Drivers/BSP/rc522.c:353:6:printData	24	static
../Drivers/BSP/rc522.c:365:6:ReaderCard	40	static
../Drivers/BSP/rc522.c:426:6:CardAuthState	16	static
../Drivers/BSP/rc522.c:484:6:CardJudge	32	static
../Drivers/BSP/rc522.c:518:6:WriteCard	32	static
../Drivers/BSP/rc522.c:580:6:PcdSelect	56	static
../Drivers/BSP/rc522.c:619:6:PcdAuthState	64	static
../Drivers/BSP/rc522.c:646:6:PcdRead	56	static
../Drivers/BSP/rc522.c:673:6:Read_Block	24	static
../Drivers/BSP/rc522.c:697:6:PcdWrite	56	static
../Drivers/BSP/rc522.c:731:6:Write_Block	24	static
../Drivers/BSP/rc522.c:755:6:PcdValue	56	static
../Drivers/BSP/rc522.c:804:6:my_Value	24	static
../Drivers/BSP/rc522.c:820:6:PcdBakValue	56	static
../Drivers/BSP/rc522.c:908:6:CalulateCRC	40	static
