../Drivers/icode/oled.c:34:6:OLED_Init	16	static
../Drivers/icode/oled.c:52:6:OLED_WR_CMD	32	static
../Drivers/icode/oled.c:63:6:OLED_WR_DATA	32	static
../Drivers/icode/oled.c:74:6:OLED_On	16	static
../Drivers/icode/oled.c:93:6:OLED_Clear	16	static
../Drivers/icode/oled.c:111:6:OLED_Display_On	8	static
../Drivers/icode/oled.c:124:6:OLED_Display_Off	8	static
../Drivers/icode/oled.c:137:6:OLED_Set_Pos	16	static
../Drivers/icode/oled.c:151:14:oled_pow	24	static
../Drivers/icode/oled.c:168:6:OLED_ShowChar	32	static
../Drivers/icode/oled.c:216:6:OLED_ShowString	40	static
../Drivers/icode/oled.c:251:6:OLED_ShowNum	40	static
../Drivers/icode/oled.c:284:6:OLED_Showdecimal	48	static
../Drivers/icode/oled.c:340:6:OLED_ShowCHinese	32	static
../Drivers/icode/oled.c:374:6:OLED_DrawBMP	32	static
../Drivers/icode/oled.c:404:6:OLED_HorizontalShift	16	static
../Drivers/icode/oled.c:427:6:OLED_Some_HorizontalShift	16	static
../Drivers/icode/oled.c:448:6:OLED_VerticalAndHorizontalShift	16	static
../Drivers/icode/oled.c:469:6:OLED_DisplayMode	16	static
../Drivers/icode/oled.c:480:6:OLED_IntensityControl	16	static
